// Jest Snapshot v1, https://goo.gl/fbAQLP

exports[`Header renders correctly 1`] = `
<nav
  className="headerNav"
>
  <div
    className="container"
  >
    <div
      className="flexContainer"
    >
      <a
        href="/"
        onClick={[Function]}
      >
        <div
          className="item"
        >
          <span>
            iidx.io
          </span>
        </div>
      </a>
      <div
        className="item"
      >
        loading
      </div>
    </div>
  </div>
</nav>
`;
