// Jest Snapshot v1, https://goo.gl/fbAQLP

exports[`Header renders correctly 1`] = `
<div
  className="ui inverted vertical segment"
>
  <div
    className="ui inverted secondary menu"
  >
    <div
      className="ui container"
    >
      <a
        className="item"
        onClick={[Function]}
      >
        <span>
          iidx.io
        </span>
      </a>
      <div
        className="right item"
        onClick={[Function]}
      >
        <div
          className="ui tiny active inline loader"
        />
      </div>
    </div>
  </div>
</div>
`;
