// Jest Snapshot v1, https://goo.gl/fbAQLP

exports[`MusicTable renders correctly 1`] = `
<div>
  <table
    className="ui celled table"
  >
    <thead
      className=""
    >
      <tr
        className=""
      >
        <th
          className=""
        >
          Title
        </th>
        <th
          className=""
        >
          Difficulty
        </th>
        <th
          className=""
        >
          Level
        </th>
      </tr>
    </thead>
    <tbody
      className=""
    >
      <tr
        className=""
      >
        <td
          className=""
        >
          title
        </td>
        <td
          className=""
        >
          ANOTHER
        </td>
        <td
          className=""
        >
          1
        </td>
      </tr>
    </tbody>
  </table>
  <div
    style={
      Object {
        "textAlign": "right",
      }
    }
  >
    <div
      aria-label="Pagination Navigation"
      className="ui pagination menu"
      role="navigation"
    >
      <a
        aria-current={false}
        aria-disabled={false}
        className="icon item"
        onClick={[Function]}
        onKeyDown={[Function]}
        tabIndex={0}
        type="firstItem"
        value={1}
      >
        <i
          aria-hidden="true"
          className="angle double left icon"
          onClick={[Function]}
        />
      </a>
      <a
        aria-current={false}
        aria-disabled={false}
        className="icon item"
        onClick={[Function]}
        onKeyDown={[Function]}
        tabIndex={0}
        type="prevItem"
        value={1}
      >
        <i
          aria-hidden="true"
          className="angle left icon"
          onClick={[Function]}
        />
      </a>
      <a
        aria-current={true}
        aria-disabled={false}
        className="active item"
        onClick={[Function]}
        onKeyDown={[Function]}
        tabIndex={0}
        type="pageItem"
        value={1}
      >
        1
      </a>
      <a
        aria-current={false}
        aria-disabled={false}
        className="icon item"
        onClick={[Function]}
        onKeyDown={[Function]}
        tabIndex={0}
        type="nextItem"
        value={1}
      >
        <i
          aria-hidden="true"
          className="angle right icon"
          onClick={[Function]}
        />
      </a>
      <a
        aria-current={false}
        aria-disabled={false}
        className="icon item"
        onClick={[Function]}
        onKeyDown={[Function]}
        tabIndex={0}
        type="lastItem"
        value={1}
      >
        <i
          aria-hidden="true"
          className="angle double right icon"
          onClick={[Function]}
        />
      </a>
    </div>
  </div>
</div>
`;
