// Jest Snapshot v1, https://goo.gl/fbAQLP

exports[`RegisterForm renders correctly 1`] = `
<form
  onSubmit={[Function]}
>
  <div
    className="form-group"
  >
    <label
      className="label "
    >
      Username
    </label>
    <div
      className="input-area"
    >
      <input
        className="input-text "
        name="username"
        onBlur={[Function]}
        onChange={[Function]}
        onFocus={[Function]}
        placeholder="Username"
        type="text"
        value=""
      />
    </div>
  </div>
  <div
    className="form-group"
  >
    <label
      className="label "
    >
      Display Name
    </label>
    <div
      className="input-area"
    >
      <input
        className="input-text "
        name="displayName"
        onBlur={[Function]}
        onChange={[Function]}
        onFocus={[Function]}
        placeholder="Display Name"
        type="text"
        value=""
      />
    </div>
  </div>
  <button
    className="button disabled "
    disabled={true}
    type="submit"
  >
    Register
  </button>
</form>
`;
