// Jest Snapshot v1, https://goo.gl/fbAQLP

exports[`RegisterForm renders correctly 1`] = `
<form
  className="ui form"
  onSubmit={[Function]}
>
  <div
    className="field"
  >
    <label>
      Username
    </label>
    <div
      className="ui left icon input"
    >
      <input
        name="username"
        onBlur={[Function]}
        onChange={[Function]}
        onFocus={[Function]}
        placeholder="Username"
        type="text"
        value=""
      />
      <i
        aria-hidden="true"
        className="at icon"
      />
    </div>
  </div>
  <div
    className="field"
  >
    <label>
      Display Name
    </label>
    <div
      className="ui left icon input"
    >
      <input
        name="displayName"
        onBlur={[Function]}
        onChange={[Function]}
        onFocus={[Function]}
        placeholder="Display Name"
        type="text"
        value=""
      />
      <i
        aria-hidden="true"
        className="user icon"
      />
    </div>
  </div>
  <button
    className="ui teal large disabled button"
    disabled={true}
    onClick={[Function]}
    tabIndex={-1}
    type="submit"
  >
    Sign up
  </button>
</form>
`;
