// Jest Snapshot v1, https://goo.gl/fbAQLP

exports[`ResultList renders correctly 1`] = `
<div
  className="container "
>
  <div
    className="result-list"
  >
    <div
      className="table-wrapper"
    >
      <div
        style={
          Object {
            "alignItems": "center",
            "background": "#fff",
            "color": "#000",
            "display": "flex",
            "flexDirection": "column",
            "fontFamily": "-apple-system, BlinkMacSystemFont, Roboto, \\"Segoe UI\\", \\"Fira Sans\\", Avenir, \\"Helvetica Neue\\", \\"Lucida Grande\\", sans-serif",
            "height": "100vh",
            "justifyContent": "center",
            "textAlign": "center",
          }
        }
      >
        <div>
          <style
            dangerouslySetInnerHTML={
              Object {
                "__html": "body { margin: 0 }",
              }
            }
          />
          <h1
            style={
              Object {
                "borderRight": "1px solid rgba(0, 0, 0,.3)",
                "display": "inline-block",
                "fontSize": "24px",
                "fontWeight": 500,
                "margin": 0,
                "marginRight": "20px",
                "padding": "10px 23px 10px 0",
                "verticalAlign": "top",
              }
            }
          >
            404
          </h1>
          <div
            style={
              Object {
                "display": "inline-block",
                "height": "49px",
                "lineHeight": "49px",
                "textAlign": "left",
                "verticalAlign": "middle",
              }
            }
          >
            <h2
              style={
                Object {
                  "fontSize": "14px",
                  "fontWeight": "normal",
                  "lineHeight": "inherit",
                  "margin": 0,
                  "padding": 0,
                }
              }
            >
              This page could not be found
              .
            </h2>
          </div>
        </div>
      </div>
    </div>
  </div>
</div>
`;

exports[`ResultList renders correctly if there are errors 1`] = `
<div
  className="container "
>
  <div
    className="result-list"
  >
    <div
      className="table-wrapper"
    >
      <div
        style={
          Object {
            "alignItems": "center",
            "background": "#fff",
            "color": "#000",
            "display": "flex",
            "flexDirection": "column",
            "fontFamily": "-apple-system, BlinkMacSystemFont, Roboto, \\"Segoe UI\\", \\"Fira Sans\\", Avenir, \\"Helvetica Neue\\", \\"Lucida Grande\\", sans-serif",
            "height": "100vh",
            "justifyContent": "center",
            "textAlign": "center",
          }
        }
      >
        <div>
          <style
            dangerouslySetInnerHTML={
              Object {
                "__html": "body { margin: 0 }",
              }
            }
          />
          <h1
            style={
              Object {
                "borderRight": "1px solid rgba(0, 0, 0,.3)",
                "display": "inline-block",
                "fontSize": "24px",
                "fontWeight": 500,
                "margin": 0,
                "marginRight": "20px",
                "padding": "10px 23px 10px 0",
                "verticalAlign": "top",
              }
            }
          >
            404
          </h1>
          <div
            style={
              Object {
                "display": "inline-block",
                "height": "49px",
                "lineHeight": "49px",
                "textAlign": "left",
                "verticalAlign": "middle",
              }
            }
          >
            <h2
              style={
                Object {
                  "fontSize": "14px",
                  "fontWeight": "normal",
                  "lineHeight": "inherit",
                  "margin": 0,
                  "padding": 0,
                }
              }
            >
              This page could not be found
              .
            </h2>
          </div>
        </div>
      </div>
    </div>
  </div>
</div>
`;

exports[`ResultList renders correctly when loading 1`] = `
<div
  className="container "
>
  <div
    className="result-list"
  >
    <div
      className="table-wrapper"
    >
      <div
        className="pagination top"
      />
      <div
        className="result-table"
      >
        <div
          className="card"
        >
          <div
            className="card "
          >
            <div
              className="card-header"
            >
              <div
                className="header"
              >
                <div
                  className="label loading"
                >
                  -
                </div>
                <div
                  className="title loading"
                />
              </div>
            </div>
            <div>
              <div
                className="data-box-wrapper"
              >
                <div
                  className="clear-lamp loading"
                />
                <div
                  className="data-box"
                >
                  <div
                    className="data-box-content"
                  >
                    <div
                      className="score-box-wrapper"
                    >
                      <dl
                        className="score-box"
                      >
                        <div
                          className="data-list ex-score"
                        >
                          <dt>
                            EX-SCORE
                          </dt>
                          <dd>
                            <span
                              className="score-text loading"
                            />
                            <span
                              className="score-rate loading"
                            />
                          </dd>
                        </div>
                        <div
                          className="wrapper loading"
                        />
                      </dl>
                      <div
                        className="additional-area"
                      >
                        <dl
                          className="data-list"
                        >
                          <dt>
                            BPI
                          </dt>
                          <dd>
                            -
                          </dd>
                        </dl>
                        <dl
                          className="data-list clear-type"
                        >
                          <dt>
                            CLEAR TYPE
                          </dt>
                          <dd>
                            -
                          </dd>
                        </dl>
                        <dl
                          className="data-list"
                        >
                          <dt>
                            LAST PLAY
                          </dt>
                          <dd>
                            -
                          </dd>
                        </dl>
                      </div>
                    </div>
                    <div
                      className="symbol-area"
                    >
                      <div
                        className="grade-box loading"
                      />
                    </div>
                  </div>
                </div>
              </div>
            </div>
          </div>
        </div>
        <div
          className="card"
        >
          <div
            className="card "
          >
            <div
              className="card-header"
            >
              <div
                className="header"
              >
                <div
                  className="label loading"
                >
                  -
                </div>
                <div
                  className="title loading"
                />
              </div>
            </div>
            <div>
              <div
                className="data-box-wrapper"
              >
                <div
                  className="clear-lamp loading"
                />
                <div
                  className="data-box"
                >
                  <div
                    className="data-box-content"
                  >
                    <div
                      className="score-box-wrapper"
                    >
                      <dl
                        className="score-box"
                      >
                        <div
                          className="data-list ex-score"
                        >
                          <dt>
                            EX-SCORE
                          </dt>
                          <dd>
                            <span
                              className="score-text loading"
                            />
                            <span
                              className="score-rate loading"
                            />
                          </dd>
                        </div>
                        <div
                          className="wrapper loading"
                        />
                      </dl>
                      <div
                        className="additional-area"
                      >
                        <dl
                          className="data-list"
                        >
                          <dt>
                            BPI
                          </dt>
                          <dd>
                            -
                          </dd>
                        </dl>
                        <dl
                          className="data-list clear-type"
                        >
                          <dt>
                            CLEAR TYPE
                          </dt>
                          <dd>
                            -
                          </dd>
                        </dl>
                        <dl
                          className="data-list"
                        >
                          <dt>
                            LAST PLAY
                          </dt>
                          <dd>
                            -
                          </dd>
                        </dl>
                      </div>
                    </div>
                    <div
                      className="symbol-area"
                    >
                      <div
                        className="grade-box loading"
                      />
                    </div>
                  </div>
                </div>
              </div>
            </div>
          </div>
        </div>
        <div
          className="card"
        >
          <div
            className="card "
          >
            <div
              className="card-header"
            >
              <div
                className="header"
              >
                <div
                  className="label loading"
                >
                  -
                </div>
                <div
                  className="title loading"
                />
              </div>
            </div>
            <div>
              <div
                className="data-box-wrapper"
              >
                <div
                  className="clear-lamp loading"
                />
                <div
                  className="data-box"
                >
                  <div
                    className="data-box-content"
                  >
                    <div
                      className="score-box-wrapper"
                    >
                      <dl
                        className="score-box"
                      >
                        <div
                          className="data-list ex-score"
                        >
                          <dt>
                            EX-SCORE
                          </dt>
                          <dd>
                            <span
                              className="score-text loading"
                            />
                            <span
                              className="score-rate loading"
                            />
                          </dd>
                        </div>
                        <div
                          className="wrapper loading"
                        />
                      </dl>
                      <div
                        className="additional-area"
                      >
                        <dl
                          className="data-list"
                        >
                          <dt>
                            BPI
                          </dt>
                          <dd>
                            -
                          </dd>
                        </dl>
                        <dl
                          className="data-list clear-type"
                        >
                          <dt>
                            CLEAR TYPE
                          </dt>
                          <dd>
                            -
                          </dd>
                        </dl>
                        <dl
                          className="data-list"
                        >
                          <dt>
                            LAST PLAY
                          </dt>
                          <dd>
                            -
                          </dd>
                        </dl>
                      </div>
                    </div>
                    <div
                      className="symbol-area"
                    >
                      <div
                        className="grade-box loading"
                      />
                    </div>
                  </div>
                </div>
              </div>
            </div>
          </div>
        </div>
        <div
          className="card"
        >
          <div
            className="card "
          >
            <div
              className="card-header"
            >
              <div
                className="header"
              >
                <div
                  className="label loading"
                >
                  -
                </div>
                <div
                  className="title loading"
                />
              </div>
            </div>
            <div>
              <div
                className="data-box-wrapper"
              >
                <div
                  className="clear-lamp loading"
                />
                <div
                  className="data-box"
                >
                  <div
                    className="data-box-content"
                  >
                    <div
                      className="score-box-wrapper"
                    >
                      <dl
                        className="score-box"
                      >
                        <div
                          className="data-list ex-score"
                        >
                          <dt>
                            EX-SCORE
                          </dt>
                          <dd>
                            <span
                              className="score-text loading"
                            />
                            <span
                              className="score-rate loading"
                            />
                          </dd>
                        </div>
                        <div
                          className="wrapper loading"
                        />
                      </dl>
                      <div
                        className="additional-area"
                      >
                        <dl
                          className="data-list"
                        >
                          <dt>
                            BPI
                          </dt>
                          <dd>
                            -
                          </dd>
                        </dl>
                        <dl
                          className="data-list clear-type"
                        >
                          <dt>
                            CLEAR TYPE
                          </dt>
                          <dd>
                            -
                          </dd>
                        </dl>
                        <dl
                          className="data-list"
                        >
                          <dt>
                            LAST PLAY
                          </dt>
                          <dd>
                            -
                          </dd>
                        </dl>
                      </div>
                    </div>
                    <div
                      className="symbol-area"
                    >
                      <div
                        className="grade-box loading"
                      />
                    </div>
                  </div>
                </div>
              </div>
            </div>
          </div>
        </div>
        <div
          className="card"
        >
          <div
            className="card "
          >
            <div
              className="card-header"
            >
              <div
                className="header"
              >
                <div
                  className="label loading"
                >
                  -
                </div>
                <div
                  className="title loading"
                />
              </div>
            </div>
            <div>
              <div
                className="data-box-wrapper"
              >
                <div
                  className="clear-lamp loading"
                />
                <div
                  className="data-box"
                >
                  <div
                    className="data-box-content"
                  >
                    <div
                      className="score-box-wrapper"
                    >
                      <dl
                        className="score-box"
                      >
                        <div
                          className="data-list ex-score"
                        >
                          <dt>
                            EX-SCORE
                          </dt>
                          <dd>
                            <span
                              className="score-text loading"
                            />
                            <span
                              className="score-rate loading"
                            />
                          </dd>
                        </div>
                        <div
                          className="wrapper loading"
                        />
                      </dl>
                      <div
                        className="additional-area"
                      >
                        <dl
                          className="data-list"
                        >
                          <dt>
                            BPI
                          </dt>
                          <dd>
                            -
                          </dd>
                        </dl>
                        <dl
                          className="data-list clear-type"
                        >
                          <dt>
                            CLEAR TYPE
                          </dt>
                          <dd>
                            -
                          </dd>
                        </dl>
                        <dl
                          className="data-list"
                        >
                          <dt>
                            LAST PLAY
                          </dt>
                          <dd>
                            -
                          </dd>
                        </dl>
                      </div>
                    </div>
                    <div
                      className="symbol-area"
                    >
                      <div
                        className="grade-box loading"
                      />
                    </div>
                  </div>
                </div>
              </div>
            </div>
          </div>
        </div>
        <div
          className="card"
        >
          <div
            className="card "
          >
            <div
              className="card-header"
            >
              <div
                className="header"
              >
                <div
                  className="label loading"
                >
                  -
                </div>
                <div
                  className="title loading"
                />
              </div>
            </div>
            <div>
              <div
                className="data-box-wrapper"
              >
                <div
                  className="clear-lamp loading"
                />
                <div
                  className="data-box"
                >
                  <div
                    className="data-box-content"
                  >
                    <div
                      className="score-box-wrapper"
                    >
                      <dl
                        className="score-box"
                      >
                        <div
                          className="data-list ex-score"
                        >
                          <dt>
                            EX-SCORE
                          </dt>
                          <dd>
                            <span
                              className="score-text loading"
                            />
                            <span
                              className="score-rate loading"
                            />
                          </dd>
                        </div>
                        <div
                          className="wrapper loading"
                        />
                      </dl>
                      <div
                        className="additional-area"
                      >
                        <dl
                          className="data-list"
                        >
                          <dt>
                            BPI
                          </dt>
                          <dd>
                            -
                          </dd>
                        </dl>
                        <dl
                          className="data-list clear-type"
                        >
                          <dt>
                            CLEAR TYPE
                          </dt>
                          <dd>
                            -
                          </dd>
                        </dl>
                        <dl
                          className="data-list"
                        >
                          <dt>
                            LAST PLAY
                          </dt>
                          <dd>
                            -
                          </dd>
                        </dl>
                      </div>
                    </div>
                    <div
                      className="symbol-area"
                    >
                      <div
                        className="grade-box loading"
                      />
                    </div>
                  </div>
                </div>
              </div>
            </div>
          </div>
        </div>
        <div
          className="card"
        >
          <div
            className="card "
          >
            <div
              className="card-header"
            >
              <div
                className="header"
              >
                <div
                  className="label loading"
                >
                  -
                </div>
                <div
                  className="title loading"
                />
              </div>
            </div>
            <div>
              <div
                className="data-box-wrapper"
              >
                <div
                  className="clear-lamp loading"
                />
                <div
                  className="data-box"
                >
                  <div
                    className="data-box-content"
                  >
                    <div
                      className="score-box-wrapper"
                    >
                      <dl
                        className="score-box"
                      >
                        <div
                          className="data-list ex-score"
                        >
                          <dt>
                            EX-SCORE
                          </dt>
                          <dd>
                            <span
                              className="score-text loading"
                            />
                            <span
                              className="score-rate loading"
                            />
                          </dd>
                        </div>
                        <div
                          className="wrapper loading"
                        />
                      </dl>
                      <div
                        className="additional-area"
                      >
                        <dl
                          className="data-list"
                        >
                          <dt>
                            BPI
                          </dt>
                          <dd>
                            -
                          </dd>
                        </dl>
                        <dl
                          className="data-list clear-type"
                        >
                          <dt>
                            CLEAR TYPE
                          </dt>
                          <dd>
                            -
                          </dd>
                        </dl>
                        <dl
                          className="data-list"
                        >
                          <dt>
                            LAST PLAY
                          </dt>
                          <dd>
                            -
                          </dd>
                        </dl>
                      </div>
                    </div>
                    <div
                      className="symbol-area"
                    >
                      <div
                        className="grade-box loading"
                      />
                    </div>
                  </div>
                </div>
              </div>
            </div>
          </div>
        </div>
        <div
          className="card"
        >
          <div
            className="card "
          >
            <div
              className="card-header"
            >
              <div
                className="header"
              >
                <div
                  className="label loading"
                >
                  -
                </div>
                <div
                  className="title loading"
                />
              </div>
            </div>
            <div>
              <div
                className="data-box-wrapper"
              >
                <div
                  className="clear-lamp loading"
                />
                <div
                  className="data-box"
                >
                  <div
                    className="data-box-content"
                  >
                    <div
                      className="score-box-wrapper"
                    >
                      <dl
                        className="score-box"
                      >
                        <div
                          className="data-list ex-score"
                        >
                          <dt>
                            EX-SCORE
                          </dt>
                          <dd>
                            <span
                              className="score-text loading"
                            />
                            <span
                              className="score-rate loading"
                            />
                          </dd>
                        </div>
                        <div
                          className="wrapper loading"
                        />
                      </dl>
                      <div
                        className="additional-area"
                      >
                        <dl
                          className="data-list"
                        >
                          <dt>
                            BPI
                          </dt>
                          <dd>
                            -
                          </dd>
                        </dl>
                        <dl
                          className="data-list clear-type"
                        >
                          <dt>
                            CLEAR TYPE
                          </dt>
                          <dd>
                            -
                          </dd>
                        </dl>
                        <dl
                          className="data-list"
                        >
                          <dt>
                            LAST PLAY
                          </dt>
                          <dd>
                            -
                          </dd>
                        </dl>
                      </div>
                    </div>
                    <div
                      className="symbol-area"
                    >
                      <div
                        className="grade-box loading"
                      />
                    </div>
                  </div>
                </div>
              </div>
            </div>
          </div>
        </div>
        <div
          className="card"
        >
          <div
            className="card "
          >
            <div
              className="card-header"
            >
              <div
                className="header"
              >
                <div
                  className="label loading"
                >
                  -
                </div>
                <div
                  className="title loading"
                />
              </div>
            </div>
            <div>
              <div
                className="data-box-wrapper"
              >
                <div
                  className="clear-lamp loading"
                />
                <div
                  className="data-box"
                >
                  <div
                    className="data-box-content"
                  >
                    <div
                      className="score-box-wrapper"
                    >
                      <dl
                        className="score-box"
                      >
                        <div
                          className="data-list ex-score"
                        >
                          <dt>
                            EX-SCORE
                          </dt>
                          <dd>
                            <span
                              className="score-text loading"
                            />
                            <span
                              className="score-rate loading"
                            />
                          </dd>
                        </div>
                        <div
                          className="wrapper loading"
                        />
                      </dl>
                      <div
                        className="additional-area"
                      >
                        <dl
                          className="data-list"
                        >
                          <dt>
                            BPI
                          </dt>
                          <dd>
                            -
                          </dd>
                        </dl>
                        <dl
                          className="data-list clear-type"
                        >
                          <dt>
                            CLEAR TYPE
                          </dt>
                          <dd>
                            -
                          </dd>
                        </dl>
                        <dl
                          className="data-list"
                        >
                          <dt>
                            LAST PLAY
                          </dt>
                          <dd>
                            -
                          </dd>
                        </dl>
                      </div>
                    </div>
                    <div
                      className="symbol-area"
                    >
                      <div
                        className="grade-box loading"
                      />
                    </div>
                  </div>
                </div>
              </div>
            </div>
          </div>
        </div>
        <div
          className="card"
        >
          <div
            className="card "
          >
            <div
              className="card-header"
            >
              <div
                className="header"
              >
                <div
                  className="label loading"
                >
                  -
                </div>
                <div
                  className="title loading"
                />
              </div>
            </div>
            <div>
              <div
                className="data-box-wrapper"
              >
                <div
                  className="clear-lamp loading"
                />
                <div
                  className="data-box"
                >
                  <div
                    className="data-box-content"
                  >
                    <div
                      className="score-box-wrapper"
                    >
                      <dl
                        className="score-box"
                      >
                        <div
                          className="data-list ex-score"
                        >
                          <dt>
                            EX-SCORE
                          </dt>
                          <dd>
                            <span
                              className="score-text loading"
                            />
                            <span
                              className="score-rate loading"
                            />
                          </dd>
                        </div>
                        <div
                          className="wrapper loading"
                        />
                      </dl>
                      <div
                        className="additional-area"
                      >
                        <dl
                          className="data-list"
                        >
                          <dt>
                            BPI
                          </dt>
                          <dd>
                            -
                          </dd>
                        </dl>
                        <dl
                          className="data-list clear-type"
                        >
                          <dt>
                            CLEAR TYPE
                          </dt>
                          <dd>
                            -
                          </dd>
                        </dl>
                        <dl
                          className="data-list"
                        >
                          <dt>
                            LAST PLAY
                          </dt>
                          <dd>
                            -
                          </dd>
                        </dl>
                      </div>
                    </div>
                    <div
                      className="symbol-area"
                    >
                      <div
                        className="grade-box loading"
                      />
                    </div>
                  </div>
                </div>
              </div>
            </div>
          </div>
        </div>
        <div
          className="card"
        >
          <div
            className="card "
          >
            <div
              className="card-header"
            >
              <div
                className="header"
              >
                <div
                  className="label loading"
                >
                  -
                </div>
                <div
                  className="title loading"
                />
              </div>
            </div>
            <div>
              <div
                className="data-box-wrapper"
              >
                <div
                  className="clear-lamp loading"
                />
                <div
                  className="data-box"
                >
                  <div
                    className="data-box-content"
                  >
                    <div
                      className="score-box-wrapper"
                    >
                      <dl
                        className="score-box"
                      >
                        <div
                          className="data-list ex-score"
                        >
                          <dt>
                            EX-SCORE
                          </dt>
                          <dd>
                            <span
                              className="score-text loading"
                            />
                            <span
                              className="score-rate loading"
                            />
                          </dd>
                        </div>
                        <div
                          className="wrapper loading"
                        />
                      </dl>
                      <div
                        className="additional-area"
                      >
                        <dl
                          className="data-list"
                        >
                          <dt>
                            BPI
                          </dt>
                          <dd>
                            -
                          </dd>
                        </dl>
                        <dl
                          className="data-list clear-type"
                        >
                          <dt>
                            CLEAR TYPE
                          </dt>
                          <dd>
                            -
                          </dd>
                        </dl>
                        <dl
                          className="data-list"
                        >
                          <dt>
                            LAST PLAY
                          </dt>
                          <dd>
                            -
                          </dd>
                        </dl>
                      </div>
                    </div>
                    <div
                      className="symbol-area"
                    >
                      <div
                        className="grade-box loading"
                      />
                    </div>
                  </div>
                </div>
              </div>
            </div>
          </div>
        </div>
        <div
          className="card"
        >
          <div
            className="card "
          >
            <div
              className="card-header"
            >
              <div
                className="header"
              >
                <div
                  className="label loading"
                >
                  -
                </div>
                <div
                  className="title loading"
                />
              </div>
            </div>
            <div>
              <div
                className="data-box-wrapper"
              >
                <div
                  className="clear-lamp loading"
                />
                <div
                  className="data-box"
                >
                  <div
                    className="data-box-content"
                  >
                    <div
                      className="score-box-wrapper"
                    >
                      <dl
                        className="score-box"
                      >
                        <div
                          className="data-list ex-score"
                        >
                          <dt>
                            EX-SCORE
                          </dt>
                          <dd>
                            <span
                              className="score-text loading"
                            />
                            <span
                              className="score-rate loading"
                            />
                          </dd>
                        </div>
                        <div
                          className="wrapper loading"
                        />
                      </dl>
                      <div
                        className="additional-area"
                      >
                        <dl
                          className="data-list"
                        >
                          <dt>
                            BPI
                          </dt>
                          <dd>
                            -
                          </dd>
                        </dl>
                        <dl
                          className="data-list clear-type"
                        >
                          <dt>
                            CLEAR TYPE
                          </dt>
                          <dd>
                            -
                          </dd>
                        </dl>
                        <dl
                          className="data-list"
                        >
                          <dt>
                            LAST PLAY
                          </dt>
                          <dd>
                            -
                          </dd>
                        </dl>
                      </div>
                    </div>
                    <div
                      className="symbol-area"
                    >
                      <div
                        className="grade-box loading"
                      />
                    </div>
                  </div>
                </div>
              </div>
            </div>
          </div>
        </div>
        <div
          className="card"
        >
          <div
            className="card "
          >
            <div
              className="card-header"
            >
              <div
                className="header"
              >
                <div
                  className="label loading"
                >
                  -
                </div>
                <div
                  className="title loading"
                />
              </div>
            </div>
            <div>
              <div
                className="data-box-wrapper"
              >
                <div
                  className="clear-lamp loading"
                />
                <div
                  className="data-box"
                >
                  <div
                    className="data-box-content"
                  >
                    <div
                      className="score-box-wrapper"
                    >
                      <dl
                        className="score-box"
                      >
                        <div
                          className="data-list ex-score"
                        >
                          <dt>
                            EX-SCORE
                          </dt>
                          <dd>
                            <span
                              className="score-text loading"
                            />
                            <span
                              className="score-rate loading"
                            />
                          </dd>
                        </div>
                        <div
                          className="wrapper loading"
                        />
                      </dl>
                      <div
                        className="additional-area"
                      >
                        <dl
                          className="data-list"
                        >
                          <dt>
                            BPI
                          </dt>
                          <dd>
                            -
                          </dd>
                        </dl>
                        <dl
                          className="data-list clear-type"
                        >
                          <dt>
                            CLEAR TYPE
                          </dt>
                          <dd>
                            -
                          </dd>
                        </dl>
                        <dl
                          className="data-list"
                        >
                          <dt>
                            LAST PLAY
                          </dt>
                          <dd>
                            -
                          </dd>
                        </dl>
                      </div>
                    </div>
                    <div
                      className="symbol-area"
                    >
                      <div
                        className="grade-box loading"
                      />
                    </div>
                  </div>
                </div>
              </div>
            </div>
          </div>
        </div>
        <div
          className="card"
        >
          <div
            className="card "
          >
            <div
              className="card-header"
            >
              <div
                className="header"
              >
                <div
                  className="label loading"
                >
                  -
                </div>
                <div
                  className="title loading"
                />
              </div>
            </div>
            <div>
              <div
                className="data-box-wrapper"
              >
                <div
                  className="clear-lamp loading"
                />
                <div
                  className="data-box"
                >
                  <div
                    className="data-box-content"
                  >
                    <div
                      className="score-box-wrapper"
                    >
                      <dl
                        className="score-box"
                      >
                        <div
                          className="data-list ex-score"
                        >
                          <dt>
                            EX-SCORE
                          </dt>
                          <dd>
                            <span
                              className="score-text loading"
                            />
                            <span
                              className="score-rate loading"
                            />
                          </dd>
                        </div>
                        <div
                          className="wrapper loading"
                        />
                      </dl>
                      <div
                        className="additional-area"
                      >
                        <dl
                          className="data-list"
                        >
                          <dt>
                            BPI
                          </dt>
                          <dd>
                            -
                          </dd>
                        </dl>
                        <dl
                          className="data-list clear-type"
                        >
                          <dt>
                            CLEAR TYPE
                          </dt>
                          <dd>
                            -
                          </dd>
                        </dl>
                        <dl
                          className="data-list"
                        >
                          <dt>
                            LAST PLAY
                          </dt>
                          <dd>
                            -
                          </dd>
                        </dl>
                      </div>
                    </div>
                    <div
                      className="symbol-area"
                    >
                      <div
                        className="grade-box loading"
                      />
                    </div>
                  </div>
                </div>
              </div>
            </div>
          </div>
        </div>
        <div
          className="card"
        >
          <div
            className="card "
          >
            <div
              className="card-header"
            >
              <div
                className="header"
              >
                <div
                  className="label loading"
                >
                  -
                </div>
                <div
                  className="title loading"
                />
              </div>
            </div>
            <div>
              <div
                className="data-box-wrapper"
              >
                <div
                  className="clear-lamp loading"
                />
                <div
                  className="data-box"
                >
                  <div
                    className="data-box-content"
                  >
                    <div
                      className="score-box-wrapper"
                    >
                      <dl
                        className="score-box"
                      >
                        <div
                          className="data-list ex-score"
                        >
                          <dt>
                            EX-SCORE
                          </dt>
                          <dd>
                            <span
                              className="score-text loading"
                            />
                            <span
                              className="score-rate loading"
                            />
                          </dd>
                        </div>
                        <div
                          className="wrapper loading"
                        />
                      </dl>
                      <div
                        className="additional-area"
                      >
                        <dl
                          className="data-list"
                        >
                          <dt>
                            BPI
                          </dt>
                          <dd>
                            -
                          </dd>
                        </dl>
                        <dl
                          className="data-list clear-type"
                        >
                          <dt>
                            CLEAR TYPE
                          </dt>
                          <dd>
                            -
                          </dd>
                        </dl>
                        <dl
                          className="data-list"
                        >
                          <dt>
                            LAST PLAY
                          </dt>
                          <dd>
                            -
                          </dd>
                        </dl>
                      </div>
                    </div>
                    <div
                      className="symbol-area"
                    >
                      <div
                        className="grade-box loading"
                      />
                    </div>
                  </div>
                </div>
              </div>
            </div>
          </div>
        </div>
        <div
          className="card"
        >
          <div
            className="card "
          >
            <div
              className="card-header"
            >
              <div
                className="header"
              >
                <div
                  className="label loading"
                >
                  -
                </div>
                <div
                  className="title loading"
                />
              </div>
            </div>
            <div>
              <div
                className="data-box-wrapper"
              >
                <div
                  className="clear-lamp loading"
                />
                <div
                  className="data-box"
                >
                  <div
                    className="data-box-content"
                  >
                    <div
                      className="score-box-wrapper"
                    >
                      <dl
                        className="score-box"
                      >
                        <div
                          className="data-list ex-score"
                        >
                          <dt>
                            EX-SCORE
                          </dt>
                          <dd>
                            <span
                              className="score-text loading"
                            />
                            <span
                              className="score-rate loading"
                            />
                          </dd>
                        </div>
                        <div
                          className="wrapper loading"
                        />
                      </dl>
                      <div
                        className="additional-area"
                      >
                        <dl
                          className="data-list"
                        >
                          <dt>
                            BPI
                          </dt>
                          <dd>
                            -
                          </dd>
                        </dl>
                        <dl
                          className="data-list clear-type"
                        >
                          <dt>
                            CLEAR TYPE
                          </dt>
                          <dd>
                            -
                          </dd>
                        </dl>
                        <dl
                          className="data-list"
                        >
                          <dt>
                            LAST PLAY
                          </dt>
                          <dd>
                            -
                          </dd>
                        </dl>
                      </div>
                    </div>
                    <div
                      className="symbol-area"
                    >
                      <div
                        className="grade-box loading"
                      />
                    </div>
                  </div>
                </div>
              </div>
            </div>
          </div>
        </div>
        <div
          className="card"
        >
          <div
            className="card "
          >
            <div
              className="card-header"
            >
              <div
                className="header"
              >
                <div
                  className="label loading"
                >
                  -
                </div>
                <div
                  className="title loading"
                />
              </div>
            </div>
            <div>
              <div
                className="data-box-wrapper"
              >
                <div
                  className="clear-lamp loading"
                />
                <div
                  className="data-box"
                >
                  <div
                    className="data-box-content"
                  >
                    <div
                      className="score-box-wrapper"
                    >
                      <dl
                        className="score-box"
                      >
                        <div
                          className="data-list ex-score"
                        >
                          <dt>
                            EX-SCORE
                          </dt>
                          <dd>
                            <span
                              className="score-text loading"
                            />
                            <span
                              className="score-rate loading"
                            />
                          </dd>
                        </div>
                        <div
                          className="wrapper loading"
                        />
                      </dl>
                      <div
                        className="additional-area"
                      >
                        <dl
                          className="data-list"
                        >
                          <dt>
                            BPI
                          </dt>
                          <dd>
                            -
                          </dd>
                        </dl>
                        <dl
                          className="data-list clear-type"
                        >
                          <dt>
                            CLEAR TYPE
                          </dt>
                          <dd>
                            -
                          </dd>
                        </dl>
                        <dl
                          className="data-list"
                        >
                          <dt>
                            LAST PLAY
                          </dt>
                          <dd>
                            -
                          </dd>
                        </dl>
                      </div>
                    </div>
                    <div
                      className="symbol-area"
                    >
                      <div
                        className="grade-box loading"
                      />
                    </div>
                  </div>
                </div>
              </div>
            </div>
          </div>
        </div>
        <div
          className="card"
        >
          <div
            className="card "
          >
            <div
              className="card-header"
            >
              <div
                className="header"
              >
                <div
                  className="label loading"
                >
                  -
                </div>
                <div
                  className="title loading"
                />
              </div>
            </div>
            <div>
              <div
                className="data-box-wrapper"
              >
                <div
                  className="clear-lamp loading"
                />
                <div
                  className="data-box"
                >
                  <div
                    className="data-box-content"
                  >
                    <div
                      className="score-box-wrapper"
                    >
                      <dl
                        className="score-box"
                      >
                        <div
                          className="data-list ex-score"
                        >
                          <dt>
                            EX-SCORE
                          </dt>
                          <dd>
                            <span
                              className="score-text loading"
                            />
                            <span
                              className="score-rate loading"
                            />
                          </dd>
                        </div>
                        <div
                          className="wrapper loading"
                        />
                      </dl>
                      <div
                        className="additional-area"
                      >
                        <dl
                          className="data-list"
                        >
                          <dt>
                            BPI
                          </dt>
                          <dd>
                            -
                          </dd>
                        </dl>
                        <dl
                          className="data-list clear-type"
                        >
                          <dt>
                            CLEAR TYPE
                          </dt>
                          <dd>
                            -
                          </dd>
                        </dl>
                        <dl
                          className="data-list"
                        >
                          <dt>
                            LAST PLAY
                          </dt>
                          <dd>
                            -
                          </dd>
                        </dl>
                      </div>
                    </div>
                    <div
                      className="symbol-area"
                    >
                      <div
                        className="grade-box loading"
                      />
                    </div>
                  </div>
                </div>
              </div>
            </div>
          </div>
        </div>
        <div
          className="card"
        >
          <div
            className="card "
          >
            <div
              className="card-header"
            >
              <div
                className="header"
              >
                <div
                  className="label loading"
                >
                  -
                </div>
                <div
                  className="title loading"
                />
              </div>
            </div>
            <div>
              <div
                className="data-box-wrapper"
              >
                <div
                  className="clear-lamp loading"
                />
                <div
                  className="data-box"
                >
                  <div
                    className="data-box-content"
                  >
                    <div
                      className="score-box-wrapper"
                    >
                      <dl
                        className="score-box"
                      >
                        <div
                          className="data-list ex-score"
                        >
                          <dt>
                            EX-SCORE
                          </dt>
                          <dd>
                            <span
                              className="score-text loading"
                            />
                            <span
                              className="score-rate loading"
                            />
                          </dd>
                        </div>
                        <div
                          className="wrapper loading"
                        />
                      </dl>
                      <div
                        className="additional-area"
                      >
                        <dl
                          className="data-list"
                        >
                          <dt>
                            BPI
                          </dt>
                          <dd>
                            -
                          </dd>
                        </dl>
                        <dl
                          className="data-list clear-type"
                        >
                          <dt>
                            CLEAR TYPE
                          </dt>
                          <dd>
                            -
                          </dd>
                        </dl>
                        <dl
                          className="data-list"
                        >
                          <dt>
                            LAST PLAY
                          </dt>
                          <dd>
                            -
                          </dd>
                        </dl>
                      </div>
                    </div>
                    <div
                      className="symbol-area"
                    >
                      <div
                        className="grade-box loading"
                      />
                    </div>
                  </div>
                </div>
              </div>
            </div>
          </div>
        </div>
        <div
          className="card"
        >
          <div
            className="card "
          >
            <div
              className="card-header"
            >
              <div
                className="header"
              >
                <div
                  className="label loading"
                >
                  -
                </div>
                <div
                  className="title loading"
                />
              </div>
            </div>
            <div>
              <div
                className="data-box-wrapper"
              >
                <div
                  className="clear-lamp loading"
                />
                <div
                  className="data-box"
                >
                  <div
                    className="data-box-content"
                  >
                    <div
                      className="score-box-wrapper"
                    >
                      <dl
                        className="score-box"
                      >
                        <div
                          className="data-list ex-score"
                        >
                          <dt>
                            EX-SCORE
                          </dt>
                          <dd>
                            <span
                              className="score-text loading"
                            />
                            <span
                              className="score-rate loading"
                            />
                          </dd>
                        </div>
                        <div
                          className="wrapper loading"
                        />
                      </dl>
                      <div
                        className="additional-area"
                      >
                        <dl
                          className="data-list"
                        >
                          <dt>
                            BPI
                          </dt>
                          <dd>
                            -
                          </dd>
                        </dl>
                        <dl
                          className="data-list clear-type"
                        >
                          <dt>
                            CLEAR TYPE
                          </dt>
                          <dd>
                            -
                          </dd>
                        </dl>
                        <dl
                          className="data-list"
                        >
                          <dt>
                            LAST PLAY
                          </dt>
                          <dd>
                            -
                          </dd>
                        </dl>
                      </div>
                    </div>
                    <div
                      className="symbol-area"
                    >
                      <div
                        className="grade-box loading"
                      />
                    </div>
                  </div>
                </div>
              </div>
            </div>
          </div>
        </div>
      </div>
      <div
        className="pagination bottom"
      />
    </div>
  </div>
</div>
`;
