// Jest Snapshot v1, https://goo.gl/fbAQLP

exports[`UserNav renders a Login component and a SignUp component 1`] = `
Array [
  <button
    className="ui inverted button"
    onClick={[Function]}
  >
    SignUp
  </button>,
  <button
    className="ui inverted button"
    onClick={[Function]}
    style={
      Object {
        "marginLeft": "0.5em",
      }
    }
  >
    Login
  </button>,
]
`;

exports[`UserNav renders a UserMenu component 1`] = `
<div
  aria-expanded={false}
  className="ui item pointing dropdown"
  onBlur={[Function]}
  onChange={[Function]}
  onClick={[Function]}
  onFocus={[Function]}
  onMouseDown={[Function]}
  role="listbox"
  tabIndex={0}
>
  <div
    aria-live="polite"
    className="text"
    role="alert"
  >
    foo
  </div>
  <i
    aria-hidden="true"
    className="dropdown icon"
    onClick={[Function]}
  />
  <div
    className="menu transition"
  >
    <div
      className="item"
      onClick={[Function]}
      role="option"
    >
      Profile
    </div>
    <div
      className="divider"
    />
    <div
      className="item"
      onClick={[Function]}
      role="option"
    >
      Register results
    </div>
    <div
      className="divider"
    />
    <div
      className="item"
      onClick={[Function]}
      role="option"
    >
      Sign out
    </div>
  </div>
</div>
`;

exports[`UserNav renders a loading icon when the loading prop is true 1`] = `
<div
  className="ui tiny active inline loader"
/>
`;
