// Jest Snapshot v1, https://goo.gl/fbAQLP

exports[`UserNav renders a Login component and a SignUp component 1`] = `
Array [
  <button
    className="ui inverted button"
    onClick={[Function]}
    role="button"
  >
    SignUp
  </button>,
  <button
    className="ui inverted button"
    onClick={[Function]}
    role="button"
    style={
      Object {
        "marginLeft": "0.5em",
      }
    }
  >
    Login
  </button>,
]
`;

exports[`UserNav renders a UserMenu component 1`] = `
<div>
  foo
   
  <button
    onClick={[Function]}
  >
    signout
  </button>
</div>
`;

exports[`UserNav renders a loading icon when the loading prop is true 1`] = `
<i
  aria-hidden="true"
  className="spinner loading icon"
/>
`;
