// Jest Snapshot v1, https://goo.gl/fbAQLP

exports[`/register renders correctly 1`] = `
Array [
  <div
    className="ui inverted vertical segment"
  >
    <div
      className="ui inverted secondary menu"
    >
      <div
        className="ui container"
      >
        <a
          className="item"
          href="/"
          onClick={[Function]}
        >
          <span>
            iidx.io
          </span>
        </a>
        <div
          className="right menu"
        >
          <div
            className="ui tiny active inline loader"
          />
        </div>
      </div>
    </div>
  </div>,
  <div
    className="ui vertical segment"
  >
    <div
      className="ui container"
    >
      <form
        className="ui form"
        onSubmit={[Function]}
      >
        <div
          className="field"
        >
          <label>
            Username
          </label>
          <div
            className="ui left icon input"
          >
            <input
              name="username"
              onBlur={[Function]}
              onChange={[Function]}
              onFocus={[Function]}
              placeholder="Username"
              type="text"
              value=""
            />
            <i
              aria-hidden="true"
              className="at icon"
              onClick={[Function]}
            />
          </div>
        </div>
        <div
          className="field"
        >
          <label>
            Display Name
          </label>
          <div
            className="ui left icon input"
          >
            <input
              name="displayName"
              onBlur={[Function]}
              onChange={[Function]}
              onFocus={[Function]}
              placeholder="Display Name"
              type="text"
              value=""
            />
            <i
              aria-hidden="true"
              className="user icon"
              onClick={[Function]}
            />
          </div>
        </div>
        <button
          className="ui teal large disabled button"
          disabled={true}
          onClick={[Function]}
          tabIndex={-1}
          type="submit"
        >
          Sign up
        </button>
      </form>
    </div>
  </div>,
  <div
    className="ui vertical segment"
  >
    <div
      className="ui center aligned container"
    >
      <i
        aria-hidden="true"
        className="copyright outline icon"
        onClick={[Function]}
      />
       
      2018
       iidx.io |
       
      test
    </div>
  </div>,
]
`;
