// Jest Snapshot v1, https://goo.gl/fbAQLP

exports[`/register renders correctly 1`] = `
Array [
  <div
    className="ui inverted vertical segment"
  >
    <div
      className="ui inverted secondary menu"
    >
      <div
        className="ui container"
      >
        <a
          className="item"
          onClick={[Function]}
        >
          <span>
            iidx.io
          </span>
        </a>
        <div
          className="right item"
          onClick={[Function]}
        >
          <i
            aria-hidden="true"
            className="spinner loading icon"
          />
        </div>
      </div>
    </div>
  </div>,
  <div
    className="ui vertical segment"
  >
    <div
      className="ui container"
    >
      <form
        onSubmit={[Function]}
      >
        <div>
          <label>
            Username
          </label>
          <input
            name="username"
            onBlur={[Function]}
            onChange={[Function]}
            onFocus={[Function]}
            placeholder="Username"
            type="text"
            value=""
          />
        </div>
        <div>
          <label>
            Display Name
          </label>
          <input
            name="displayName"
            onBlur={[Function]}
            onChange={[Function]}
            onFocus={[Function]}
            placeholder="Display Name"
            type="text"
            value=""
          />
        </div>
        <button
          disabled={true}
          type="submit"
        >
          Sign up
        </button>
      </form>
    </div>
  </div>,
  <div
    className="ui vertical segment"
  >
    <div
      className="ui center aligned container"
    >
      <i
        aria-hidden="true"
        className="copyright outline icon"
      />
       
      2018
       iidx.io
    </div>
  </div>,
]
`;
